
Currently Loaded Modules:
  1) anaconda3/latest   3) cuda/10.0.130
  2) srilm/default      4) cudnn/7.4.2-cuda

 

/scratch/work/groszt1/ASR/finnish/theanolm/scripts/run-expt.sh: line 13: /scratch/work/moisioa3/conv_lm/experiments/theano-lm/lstm/params.sh: No such file or directory
